------------------------------------------------------------
Timing Analyzer Summary
------------------------------------------------------------

Type  : Slow 1200mV 85C Model Setup 'clk_50MHz'
Slack : -4.403
TNS   : -52.226

Type  : Slow 1200mV 85C Model Setup 'clock_divider:clk_div|clk_1Hz'
Slack : -0.928
TNS   : -2.551

Type  : Slow 1200mV 85C Model Hold 'clock_divider:clk_div|clk_1Hz'
Slack : 0.347
TNS   : 0.000

Type  : Slow 1200mV 85C Model Hold 'clk_50MHz'
Slack : 0.425
TNS   : 0.000

Type  : Slow 1200mV 85C Model Minimum Pulse Width 'clk_50MHz'
Slack : -3.000
TNS   : -40.881

Type  : Slow 1200mV 85C Model Minimum Pulse Width 'clock_divider:clk_div|clk_1Hz'
Slack : -1.403
TNS   : -5.612

Type  : Slow 1200mV 0C Model Setup 'clk_50MHz'
Slack : -4.037
TNS   : -45.090

Type  : Slow 1200mV 0C Model Setup 'clock_divider:clk_div|clk_1Hz'
Slack : -0.754
TNS   : -2.053

Type  : Slow 1200mV 0C Model Hold 'clock_divider:clk_div|clk_1Hz'
Slack : 0.311
TNS   : 0.000

Type  : Slow 1200mV 0C Model Hold 'clk_50MHz'
Slack : 0.392
TNS   : 0.000

Type  : Slow 1200mV 0C Model Minimum Pulse Width 'clk_50MHz'
Slack : -3.000
TNS   : -40.881

Type  : Slow 1200mV 0C Model Minimum Pulse Width 'clock_divider:clk_div|clk_1Hz'
Slack : -1.403
TNS   : -5.612

Type  : Fast 1200mV 0C Model Setup 'clk_50MHz'
Slack : -1.408
TNS   : -6.633

Type  : Fast 1200mV 0C Model Setup 'clock_divider:clk_div|clk_1Hz'
Slack : 0.231
TNS   : 0.000

Type  : Fast 1200mV 0C Model Hold 'clock_divider:clk_div|clk_1Hz'
Slack : 0.151
TNS   : 0.000

Type  : Fast 1200mV 0C Model Hold 'clk_50MHz'
Slack : 0.169
TNS   : 0.000

Type  : Fast 1200mV 0C Model Minimum Pulse Width 'clk_50MHz'
Slack : -3.000
TNS   : -30.929

Type  : Fast 1200mV 0C Model Minimum Pulse Width 'clock_divider:clk_div|clk_1Hz'
Slack : -1.000
TNS   : -4.000

------------------------------------------------------------
