------------------------------------------------------------
Timing Analyzer Summary
------------------------------------------------------------

Type  : Slow 1200mV 85C Model Setup 'clk_50MHz'
Slack : -4.643
TNS   : -52.918

Type  : Slow 1200mV 85C Model Setup 'clock_divider:clk_div|clk_1Hz'
Slack : 0.247
TNS   : 0.000

Type  : Slow 1200mV 85C Model Hold 'clock_divider:clk_div|clk_1Hz'
Slack : 0.347
TNS   : 0.000

Type  : Slow 1200mV 85C Model Hold 'clk_50MHz'
Slack : 0.419
TNS   : 0.000

Type  : Slow 1200mV 85C Model Minimum Pulse Width 'clk_50MHz'
Slack : -3.000
TNS   : -40.881

Type  : Slow 1200mV 85C Model Minimum Pulse Width 'clock_divider:clk_div|clk_1Hz'
Slack : -1.403
TNS   : -2.806

Type  : Slow 1200mV 0C Model Setup 'clk_50MHz'
Slack : -4.246
TNS   : -45.938

Type  : Slow 1200mV 0C Model Setup 'clock_divider:clk_div|clk_1Hz'
Slack : 0.314
TNS   : 0.000

Type  : Slow 1200mV 0C Model Hold 'clock_divider:clk_div|clk_1Hz'
Slack : 0.311
TNS   : 0.000

Type  : Slow 1200mV 0C Model Hold 'clk_50MHz'
Slack : 0.387
TNS   : 0.000

Type  : Slow 1200mV 0C Model Minimum Pulse Width 'clk_50MHz'
Slack : -3.000
TNS   : -40.881

Type  : Slow 1200mV 0C Model Minimum Pulse Width 'clock_divider:clk_div|clk_1Hz'
Slack : -1.403
TNS   : -2.806

Type  : Fast 1200mV 0C Model Setup 'clk_50MHz'
Slack : -1.502
TNS   : -7.488

Type  : Fast 1200mV 0C Model Setup 'clock_divider:clk_div|clk_1Hz'
Slack : 0.659
TNS   : 0.000

Type  : Fast 1200mV 0C Model Hold 'clock_divider:clk_div|clk_1Hz'
Slack : 0.151
TNS   : 0.000

Type  : Fast 1200mV 0C Model Hold 'clk_50MHz'
Slack : 0.166
TNS   : 0.000

Type  : Fast 1200mV 0C Model Minimum Pulse Width 'clk_50MHz'
Slack : -3.000
TNS   : -30.966

Type  : Fast 1200mV 0C Model Minimum Pulse Width 'clock_divider:clk_div|clk_1Hz'
Slack : -1.000
TNS   : -2.000

------------------------------------------------------------
